# Autogenerated by codex. Do not modify manually.
# ConfigVersion: 0.0.1

Host proxy.codex.sh
	StrictHostKeyChecking no
	UserKnownHostsFile "$HOME/.config/codex/ssh/known_hosts"

Host gateway.codex.sh gateway.dev.codex.sh
	HostKeyAlgorithms ssh-ed25519
	StrictHostKeyChecking yes
	UserKnownHostsFile "$HOME/.config/codex/ssh/known_hosts"

Host *.codex-vms.internal
	Port 2222
	ProxyJump proxy@proxy.codex.sh
	IdentityFile "$HOME/.config/codex/ssh/keys/%h"
	PreferredAuthentications publickey
	StrictHostKeyChecking no
	UserKnownHostsFile "$HOME/.config/codex/ssh/known_hosts"
	ServerAliveInterval 50
	ServerAliveCountMax 3
	ControlMaster auto
	ControlPath "$HOME/.config/codex/ssh/sockets/%h"
	ControlPersist 300
