# Autogenerated by codex. Do not modify manually.
# ConfigVersion: 0.0.1

Host proxy.codex.khulnasoft.com
	StrictHostKeyChecking no
	UserKnownHostsFile "$HOME/.config/codex/ssh/known_hosts"

Host gateway.codex.khulnasoft.com gateway.dev.codex.khulnasoft.com
	HostKeyAlgorithms ssh-ed25519
	StrictHostKeyChecking yes
	UserKnownHostsFile "$HOME/.config/codex/ssh/known_hosts"

Host *.codex-vms.internal
	Port 2222
	ProxyJump proxy@proxy.codex.khulnasoft.com
	IdentityFile "$HOME/.config/codex/ssh/keys/%h"
	PreferredAuthentications publickey
	StrictHostKeyChecking no
	UserKnownHostsFile "$HOME/.config/codex/ssh/known_hosts"
	ServerAliveInterval 50
	ServerAliveCountMax 3
	ControlMaster auto
	ControlPath "$HOME/.config/codex/ssh/sockets/%h"
	ControlPersist 300

Host gateway.codex-debug 127.0.0.1
	Hostname 127.0.0.1
	Port 2222
	StrictHostKeyChecking no
	UserKnownHostsFile "$HOME/.config/codex/ssh/known_hosts_debug"
